[2026/01/29 00:10:21 INFO]:           __             _       
[2026/01/29 00:10:21 INFO]:   _ __   / /  ___   __ _(_)_ __  
[2026/01/29 00:10:21 INFO]:  | '_ \ / /  / _ \ / _` | | '_ \ 
[2026/01/29 00:10:21 INFO]:  | | | / /__| (_) | (_| | | | | |
[2026/01/29 00:10:21 INFO]:  |_| |_\____/\___/ \__, |_|_| |_|
[2026/01/29 00:10:21 INFO]:                   |___/            
[2026/01/29 00:10:21 INFO]:  By: www.nickuc.com - V 2.0.11 DEV
[2026/01/29 00:10:21 INFO]:  
[2026/01/29 00:10:21 DEBUG]: The config.yml file was created successfully.
[2026/01/29 00:10:21 DEBUG]: Loading the messages_es.yml message file...
[2026/01/29 00:10:21 DEBUG]: Messages were loaded in 153 ms (single file).
[2026/01/29 00:10:21 DEBUG]: Settings were loaded in 303 ms.
[2026/01/29 00:10:21 DEBUG]: Loading database...
[2026/01/29 00:10:21 INFO]: Generating RSA keypair... (this may take a while)
[2026/01/29 00:10:24 INFO]: The RSA key pair was successfully generated. Took 3.14s
[2026/01/29 00:10:25 DEBUG]: Starting logger filter...
[2026/01/29 00:12:31 DEBUG]: [SQLite] [UPDATE]: "INSERT INTO `nlogin` (`last_name`, `unique_id`, `mojang_id`, `bedrock_id`, `password`, `last_ip`, `creation_date`, `last_seen`, `email`, `discord`, `settings`) VALUES ('apolofs', 9e9c9df857aa3ef38bb9b85629a1c59c, null, null, '$2a$10$a0mQuh0mSbkIIcneAkfP5.iKMBxZtgz4boJ96own2XP/tv3VFb9QW', '192.168.194.149', '2026-01-29 00:12:31.714', '2026-01-29 00:12:31.714', null, null, '{"settings":[{"value":true,"key":"force-invalid-session"}],"version":0}')" (applied to all columns)
[2026/01/29 00:12:31 INFO]: The user apolofs has successfully registered.
[2026/01/29 00:13:13 DEBUG]: Loading the messages_es.yml message file...
[2026/01/29 00:13:13 DEBUG]: Messages were loaded in 43 ms (single file).
[2026/01/29 00:13:13 DEBUG]: Settings were loaded in 55 ms.
[2026/01/29 00:13:13 DEBUG]: [SQLite] [UPDATE]: "UPDATE `nlogin` SET `last_name` = 'apolofs', `unique_id` = 9e9c9df857aa3ef38bb9b85629a1c59c,  `mojang_id` = null,  `bedrock_id` = null,  `password` = '$2a$10$a0mQuh0mSbkIIcneAkfP5.iKMBxZtgz4boJ96own2XP/tv3VFb9QW', `last_ip` = '192.168.194.149', `creation_date` = 2026-01-29 00:12:31.714, `last_seen` = 2026-01-29 00:12:31.714, `email` = null, `discord` = null, `settings` = '{"settings":[{"value":true,"key":"force-invalid-session"},{"value":"es","key":"language"}],"version":0}' WHERE `ai` = 1" (applied to [settings] columns)
[2026/01/29 00:13:25 DEBUG]: Changing apolofs password hash to ARGON2ID.
[2026/01/29 00:13:25 DEBUG]: [SQLite] [UPDATE]: "UPDATE `nlogin` SET `last_name` = 'apolofs', `unique_id` = 9e9c9df857aa3ef38bb9b85629a1c59c,  `mojang_id` = null,  `bedrock_id` = null,  `password` = '$argon2id$v=19$m=32768,t=5,p=1$IRC0UYwRkLJpHHESy1X7Tw$42x2n+I+ulaDyuY/rb9qCxdHsmq5piXkkKcJtwXLlSw', `last_ip` = '192.168.194.149', `creation_date` = 2026-01-29 00:12:31.714, `last_seen` = 2026-01-29 00:13:25.202, `email` = null, `discord` = null, `settings` = '{"settings":[{"value":true,"key":"force-invalid-session"},{"value":"es","key":"language"}],"version":0}' WHERE `ai` = 1" (applied to all columns)
[2026/01/29 00:13:26 DEBUG]: [SQLite] [UPDATE]: "UPDATE `nlogin` SET `last_name` = 'apolofs', `unique_id` = 9e9c9df857aa3ef38bb9b85629a1c59c,  `mojang_id` = null,  `bedrock_id` = null,  `password` = '$argon2id$v=19$m=32768,t=5,p=1$IRC0UYwRkLJpHHESy1X7Tw$42x2n+I+ulaDyuY/rb9qCxdHsmq5piXkkKcJtwXLlSw', `last_ip` = '192.168.194.149', `creation_date` = 2026-01-29 00:12:31.714, `last_seen` = 2026-01-29 00:13:26.227, `email` = null, `discord` = null, `settings` = '{"settings":[{"value":"es","key":"language"}],"version":0}' WHERE `ai` = 1" (applied to [last_ip, last_seen, settings] columns)
[2026/01/29 00:13:26 INFO]: The user apolofs has successfully logged in.
[2026/01/29 00:15:09 DEBUG]: [SQLite] [UPDATE]: "UPDATE `nlogin` SET `last_name` = 'apolofs', `unique_id` = 9e9c9df857aa3ef38bb9b85629a1c59c,  `mojang_id` = null,  `bedrock_id` = null,  `password` = '$argon2id$v=19$m=32768,t=5,p=1$IRC0UYwRkLJpHHESy1X7Tw$42x2n+I+ulaDyuY/rb9qCxdHsmq5piXkkKcJtwXLlSw', `last_ip` = '192.168.194.149', `creation_date` = 2026-01-29 00:12:31.714, `last_seen` = 2026-01-29 00:15:09.368, `email` = null, `discord` = null, `settings` = '{"settings":[{"value":"es","key":"language"}],"version":0}' WHERE `ai` = 1" (applied to [last_seen, settings] columns)
[2026/01/29 00:15:31 DEBUG]: [SQLite] [UPDATE]: "UPDATE `nlogin` SET `last_name` = 'apolofs', `unique_id` = 9e9c9df857aa3ef38bb9b85629a1c59c,  `mojang_id` = null,  `bedrock_id` = null,  `password` = '$argon2id$v=19$m=32768,t=5,p=1$IRC0UYwRkLJpHHESy1X7Tw$42x2n+I+ulaDyuY/rb9qCxdHsmq5piXkkKcJtwXLlSw', `last_ip` = '192.168.194.149', `creation_date` = 2026-01-29 00:12:31.714, `last_seen` = 2026-01-29 00:15:31.566, `email` = null, `discord` = null, `settings` = '{"settings":[{"value":"es","key":"language"}],"version":0}' WHERE `ai` = 1" (applied to [last_ip, last_seen, settings] columns)
[2026/01/29 00:15:31 INFO]: The user apolofs has successfully logged in.
[2026/01/29 00:16:02 INFO]: apolofs started a restart process.
[2026/01/29 00:17:02 INFO]: Successful plugin core shutdown (took 0.00s)
