[04:21:38] [ServerMain/INFO]: [bootstrap] Running Java 25 (OpenJDK 64-Bit Server VM 25.0.1+8-LTS; Microsoft Microsoft-12574222) on Linux 6.8.0-1030-azure (amd64)
[04:21:38] [ServerMain/INFO]: [bootstrap] Loading Paper 1.21.10-117-ver/1.21.10@df4b668 (2025-11-30T22:37:28Z) for Minecraft 1.21.10
[04:21:38] [ServerMain/INFO]: [PluginInitializerManager] Initializing plugins...
[04:21:42] [ServerMain/INFO]: [PluginInitializerManager] Initialized 58 plugins
[04:21:42] [ServerMain/INFO]: [PluginInitializerManager] Paper plugins (6):
 - AdvancedKits (1.21.29), EcoBits (1.8.5), EconomyShopGUI (6.16.2), FancyNpcs (2.9.1), MiniMOTD (2.2.2), nightcore (2.11.0)
[04:21:42] [ServerMain/INFO]: [PluginInitializerManager] Bukkit plugins (52):
 - 2FA (1.7.1), AdvancedEnchantments (9.22.7), AnimaBossBar (${project.version}), AuraSkills (2.3.10), AxRewards (3.7.0), AxSellwands (1.12.0), BattlePass (5.0.3), BlockRegen (2.4), DeepVoid (2.22.0), DeluxeMenus (1.14.1-Release), EcoArmor (8.78.0), EcoItems (5.66.0), EcoJobs (3.72.0), EcoMobs (10.24.0), EcoPets (2.77.1), EconomyX (2.8.3-FINAL), Essentials (2.22.0-dev+56-0bd4c24), EssentialsSpawn (2.22.0-dev+49-000e6c5), ExcellentCrates (6.6.1), GHolo (2.2.6), InfiniteGUI (1.1.10), ItemEdit (3.7.8), LuckPerms (5.5.0), ModelEngine (R4.0.9), Multiverse-Core (5.3.0), MythicMobs (5.11.0-SNAPSHOT-b95565d9), Ouranos (1.1.11), PinataParty (2.69.3), PlaceholderAPI (2.11.6), PlayerVaults (3.6.0-bSNAPSHOT), ProtectionStones (2.10.5), ProtocolLib (5.4.0), Rankup (3.15.2), RavenWelcome (1.0), RealScoreboard (1.5.7), Shopkeepers (2.25.0), Simple_RTP (1.0.2-BETA), SkinsRestorer (15.9.3), Skulls (3.28.0), SpawnerMeta (25.5), TAB (5.4.0), Talismans (6.77.0), Vault (1.7.3-b131), VoidTeleport (2.4.5), VotifierPlus (1.4.3), WorldEdit (7.3.19+7378-cb4171a), WorldGuard (7.0.14+2339-43997ec), XVaults (2.1.2), eco (6.77.2), nLogin (2.0.11), zAuctionHouseV3 (3.2.4.0), zMenu (1.1.0.7)
[04:21:49] [ServerMain/INFO]: Environment: Environment[sessionHost=https://sessionserver.mojang.com, servicesHost=https://api.minecraftservices.com, profilesHost=https://api.mojang.com, name=PROD]
[04:21:53] [ServerMain/INFO]: Loaded 1461 recipes
[04:21:53] [ServerMain/INFO]: Loaded 1574 advancements
[04:21:53] [ServerMain/INFO]: [ca.spottedleaf.dataconverter.minecraft.datatypes.MCTypeRegistry] Initialising converters for DataConverter...
[04:21:54] [ServerMain/INFO]: [ca.spottedleaf.dataconverter.minecraft.datatypes.MCTypeRegistry] Finished initialising converters for DataConverter in 891.2ms
[04:21:54] [Server thread/INFO]: Starting minecraft server version 1.21.10
[04:21:54] [Server thread/INFO]: Loading properties
[04:21:54] [Server thread/INFO]: This server is running Paper version 1.21.10-117-ver/1.21.10@df4b668 (2025-11-30T22:37:28Z) (Implementing API version 1.21.10-R0.1-SNAPSHOT)
[04:21:55] [Server thread/INFO]: [spark] This server bundles the spark profiler. For more information please visit https://docs.papermc.io/paper/profiling
[04:21:55] [Server thread/INFO]: Server Ping Player Sample Count: 12
[04:21:55] [Server thread/INFO]: Using 4 threads for Netty based IO
[04:21:55] [Server thread/INFO]: [MoonriseCommon] Paper is using 1 worker threads, 1 I/O threads
[04:21:56] [Server console handler/ERROR]: [TerminalConsole] Failed to read console input
java.io.IOException: Bad file descriptor
	at java.base/java.io.FileInputStream.readBytes(Native Method) ~[?:?]
	at java.base/java.io.FileInputStream.read(FileInputStream.java:281) ~[?:?]
	at java.base/java.lang.System$In.read(System.java:1871) ~[?:?]
	at java.base/java.io.BufferedInputStream.read1(BufferedInputStream.java:328) ~[?:?]
	at java.base/java.io.BufferedInputStream.read(BufferedInputStream.java:388) ~[?:?]
	at java.base/sun.nio.cs.StreamDecoder.readBytes(StreamDecoder.java:279) ~[?:?]
	at java.base/sun.nio.cs.StreamDecoder.implRead(StreamDecoder.java:322) ~[?:?]
	at java.base/sun.nio.cs.StreamDecoder.read(StreamDecoder.java:186) ~[?:?]
	at java.base/java.io.InputStreamReader.read(InputStreamReader.java:183) ~[?:?]
	at java.base/java.io.BufferedReader.fill(BufferedReader.java:166) ~[?:?]
	at java.base/java.io.BufferedReader.readLine(BufferedReader.java:333) ~[?:?]
	at java.base/java.io.BufferedReader.readLine(BufferedReader.java:400) ~[?:?]
	at net.minecrell.terminalconsole.SimpleTerminalConsole.readCommands(SimpleTerminalConsole.java:180) ~[terminalconsoleappender-1.3.0.jar:?]
	at net.minecrell.terminalconsole.SimpleTerminalConsole.start(SimpleTerminalConsole.java:143) ~[terminalconsoleappender-1.3.0.jar:?]
	at net.minecraft.server.dedicated.DedicatedServer$1.run(DedicatedServer.java:201) ~[paper-1.21.10.jar:1.21.10-117-df4b668]
[04:21:56] [Server thread/INFO]: Default game type: SURVIVAL
[04:21:56] [Server thread/INFO]: Generating keypair
[04:21:56] [Server thread/INFO]: Starting Minecraft server on *:25565
[04:21:56] [Server thread/INFO]: Using epoll channel type
[04:21:56] [Server thread/INFO]: Paper: Using libdeflate (Linux x86_64) compression from Velocity.
[04:21:56] [Server thread/INFO]: Paper: Using OpenSSL 3.x.x (Linux x86_64) cipher from Velocity.
[04:21:56] [Server thread/INFO]: [SpigotLibraryLoader] [MythicMobs] Loading 4 libraries... please wait
[04:21:57] [Server thread/INFO]: [SpigotLibraryLoader] [MythicMobs] Loaded library /workspaces/solarking/servidor_minecraft/libraries/net/kyori/adventure-api/4.16.0/adventure-api-4.16.0.jar
[04:21:57] [Server thread/INFO]: [SpigotLibraryLoader] [MythicMobs] Loaded library /workspaces/solarking/servidor_minecraft/libraries/net/kyori/adventure-key/4.16.0/adventure-key-4.16.0.jar
[04:21:57] [Server thread/INFO]: [SpigotLibraryLoader] [MythicMobs] Loaded library /workspaces/solarking/servidor_minecraft/libraries/net/kyori/examination-api/1.3.0/examination-api-1.3.0.jar
[04:21:57] [Server thread/INFO]: [SpigotLibraryLoader] [MythicMobs] Loaded library /workspaces/solarking/servidor_minecraft/libraries/net/kyori/examination-string/1.3.0/examination-string-1.3.0.jar
[04:21:57] [Server thread/INFO]: [SpigotLibraryLoader] [MythicMobs] Loaded library /workspaces/solarking/servidor_minecraft/libraries/org/jetbrains/annotations/24.1.0/annotations-24.1.0.jar
[04:21:57] [Server thread/INFO]: [SpigotLibraryLoader] [MythicMobs] Loaded library /workspaces/solarking/servidor_minecraft/libraries/net/kyori/adventure-platform-bukkit/4.3.2/adventure-platform-bukkit-4.3.2.jar
[04:21:57] [Server thread/INFO]: [SpigotLibraryLoader] [MythicMobs] Loaded library /workspaces/solarking/servidor_minecraft/libraries/net/kyori/adventure-platform-api/4.3.2/adventure-platform-api-4.3.2.jar
[04:21:57] [Server thread/INFO]: [SpigotLibraryLoader] [MythicMobs] Loaded library /workspaces/solarking/servidor_minecraft/libraries/net/kyori/adventure-text-serializer-bungeecord/4.3.2/adventure-text-serializer-bungeecord-4.3.2.jar
[04:21:57] [Server thread/INFO]: [SpigotLibraryLoader] [MythicMobs] Loaded library /workspaces/solarking/servidor_minecraft/libraries/net/kyori/adventure-text-serializer-legacy/4.13.1/adventure-text-serializer-legacy-4.13.1.jar
[04:21:57] [Server thread/INFO]: [SpigotLibraryLoader] [MythicMobs] Loaded library /workspaces/solarking/servidor_minecraft/libraries/net/kyori/adventure-nbt/4.13.1/adventure-nbt-4.13.1.jar
[04:21:57] [Server thread/INFO]: [SpigotLibraryLoader] [MythicMobs] Loaded library /workspaces/solarking/servidor_minecraft/libraries/net/kyori/adventure-text-serializer-gson-legacy-impl/4.13.1/adventure-text-serializer-gson-legacy-impl-4.13.1.jar
[04:21:57] [Server thread/INFO]: [SpigotLibraryLoader] [MythicMobs] Loaded library /workspaces/solarking/servidor_minecraft/libraries/net/kyori/adventure-platform-facet/4.3.2/adventure-platform-facet-4.3.2.jar
[04:21:57] [Server thread/INFO]: [SpigotLibraryLoader] [MythicMobs] Loaded library /workspaces/solarking/servidor_minecraft/libraries/net/kyori/adventure-platform-viaversion/4.3.2/adventure-platform-viaversion-4.3.2.jar
[04:21:57] [Server thread/INFO]: [SpigotLibraryLoader] [MythicMobs] Loaded library /workspaces/solarking/servidor_minecraft/libraries/net/kyori/adventure-text-minimessage/4.16.0/adventure-text-minimessage-4.16.0.jar
[04:21:57] [Server thread/INFO]: [SpigotLibraryLoader] [MythicMobs] Loaded library /workspaces/solarking/servidor_minecraft/libraries/net/kyori/adventure-text-serializer-gson/4.16.0/adventure-text-serializer-gson-4.16.0.jar
[04:21:57] [Server thread/INFO]: [SpigotLibraryLoader] [MythicMobs] Loaded library /workspaces/solarking/servidor_minecraft/libraries/net/kyori/adventure-text-serializer-json/4.16.0/adventure-text-serializer-json-4.16.0.jar
[04:21:57] [Server thread/INFO]: [SpigotLibraryLoader] [MythicMobs] Loaded library /workspaces/solarking/servidor_minecraft/libraries/net/kyori/option/1.0.0/option-1.0.0.jar
[04:21:57] [Server thread/INFO]: [SpigotLibraryLoader] [MythicMobs] Loaded library /workspaces/solarking/servidor_minecraft/libraries/com/google/code/gson/gson/2.8.0/gson-2.8.0.jar
[04:21:57] [Server thread/INFO]: [SpigotLibraryLoader] [ModelEngine] Loading 3 libraries... please wait
[04:21:57] [Server thread/INFO]: [SpigotLibraryLoader] [ModelEngine] Loaded library /workspaces/solarking/servidor_minecraft/libraries/net/kyori/adventure-api/4.14.0/adventure-api-4.14.0.jar
[04:21:57] [Server thread/INFO]: [SpigotLibraryLoader] [ModelEngine] Loaded library /workspaces/solarking/servidor_minecraft/libraries/net/kyori/adventure-key/4.14.0/adventure-key-4.14.0.jar
[04:21:57] [Server thread/INFO]: [SpigotLibraryLoader] [ModelEngine] Loaded library /workspaces/solarking/servidor_minecraft/libraries/net/kyori/examination-api/1.3.0/examination-api-1.3.0.jar
[04:21:57] [Server thread/INFO]: [SpigotLibraryLoader] [ModelEngine] Loaded library /workspaces/solarking/servidor_minecraft/libraries/net/kyori/examination-string/1.3.0/examination-string-1.3.0.jar
[04:21:57] [Server thread/INFO]: [SpigotLibraryLoader] [ModelEngine] Loaded library /workspaces/solarking/servidor_minecraft/libraries/org/jetbrains/annotations/24.0.1/annotations-24.0.1.jar
[04:21:57] [Server thread/INFO]: [SpigotLibraryLoader] [ModelEngine] Loaded library /workspaces/solarking/servidor_minecraft/libraries/net/kyori/adventure-text-serializer-gson/4.14.0/adventure-text-serializer-gson-4.14.0.jar
[04:21:57] [Server thread/INFO]: [SpigotLibraryLoader] [ModelEngine] Loaded library /workspaces/solarking/servidor_minecraft/libraries/net/kyori/adventure-text-serializer-json/4.14.0/adventure-text-serializer-json-4.14.0.jar
[04:21:57] [Server thread/INFO]: [SpigotLibraryLoader] [ModelEngine] Loaded library /workspaces/solarking/servidor_minecraft/libraries/com/google/code/gson/gson/2.8.0/gson-2.8.0.jar
[04:21:57] [Server thread/INFO]: [SpigotLibraryLoader] [ModelEngine] Loaded library /workspaces/solarking/servidor_minecraft/libraries/net/kyori/adventure-text-serializer-bungeecord/4.3.0/adventure-text-serializer-bungeecord-4.3.0.jar
[04:21:57] [Server thread/INFO]: [SpigotLibraryLoader] [ModelEngine] Loaded library /workspaces/solarking/servidor_minecraft/libraries/net/kyori/adventure-text-serializer-legacy/4.13.0/adventure-text-serializer-legacy-4.13.0.jar
[04:21:57] [Server thread/INFO]: [eco] Initializing eco
[04:21:58] [Server thread/INFO]: [SpigotLibraryLoader] [ItemEdit] Loading 5 libraries... please wait
[04:21:58] [Server thread/INFO]: [SpigotLibraryLoader] [ItemEdit] Loaded library /workspaces/solarking/servidor_minecraft/libraries/net/kyori/adventure-api/4.20.0/adventure-api-4.20.0.jar
[04:21:58] [Server thread/INFO]: [SpigotLibraryLoader] [ItemEdit] Loaded library /workspaces/solarking/servidor_minecraft/libraries/net/kyori/adventure-key/4.20.0/adventure-key-4.20.0.jar
[04:21:58] [Server thread/INFO]: [SpigotLibraryLoader] [ItemEdit] Loaded library /workspaces/solarking/servidor_minecraft/libraries/net/kyori/examination-api/1.3.0/examination-api-1.3.0.jar
[04:21:58] [Server thread/INFO]: [SpigotLibraryLoader] [ItemEdit] Loaded library /workspaces/solarking/servidor_minecraft/libraries/net/kyori/examination-string/1.3.0/examination-string-1.3.0.jar
[04:21:58] [Server thread/INFO]: [SpigotLibraryLoader] [ItemEdit] Loaded library /workspaces/solarking/servidor_minecraft/libraries/org/jetbrains/annotations/26.0.2/annotations-26.0.2.jar
[04:21:58] [Server thread/INFO]: [SpigotLibraryLoader] [ItemEdit] Loaded library /workspaces/solarking/servidor_minecraft/libraries/net/kyori/adventure-platform-bukkit/4.3.4/adventure-platform-bukkit-4.3.4.jar
[04:21:58] [Server thread/INFO]: [SpigotLibraryLoader] [ItemEdit] Loaded library /workspaces/solarking/servidor_minecraft/libraries/net/kyori/adventure-platform-api/4.3.4/adventure-platform-api-4.3.4.jar
[04:21:58] [Server thread/INFO]: [SpigotLibraryLoader] [ItemEdit] Loaded library /workspaces/solarking/servidor_minecraft/libraries/net/kyori/adventure-text-serializer-bungeecord/4.3.4/adventure-text-serializer-bungeecord-4.3.4.jar
[04:21:58] [Server thread/INFO]: [SpigotLibraryLoader] [ItemEdit] Loaded library /workspaces/solarking/servidor_minecraft/libraries/net/kyori/adventure-nbt/4.13.1/adventure-nbt-4.13.1.jar
[04:21:58] [Server thread/INFO]: [SpigotLibraryLoader] [ItemEdit] Loaded library /workspaces/solarking/servidor_minecraft/libraries/net/kyori/adventure-text-serializer-gson-legacy-impl/4.13.1/adventure-text-serializer-gson-legacy-impl-4.13.1.jar
[04:21:58] [Server thread/INFO]: [SpigotLibraryLoader] [ItemEdit] Loaded library /workspaces/solarking/servidor_minecraft/libraries/net/kyori/adventure-platform-facet/4.3.4/adventure-platform-facet-4.3.4.jar
[04:21:58] [Server thread/INFO]: [SpigotLibraryLoader] [ItemEdit] Loaded library /workspaces/solarking/servidor_minecraft/libraries/net/kyori/adventure-platform-viaversion/4.3.4/adventure-platform-viaversion-4.3.4.jar
[04:21:58] [Server thread/INFO]: [SpigotLibraryLoader] [ItemEdit] Loaded library /workspaces/solarking/servidor_minecraft/libraries/net/kyori/adventure-text-minimessage/4.20.0/adventure-text-minimessage-4.20.0.jar
[04:21:58] [Server thread/INFO]: [SpigotLibraryLoader] [ItemEdit] Loaded library /workspaces/solarking/servidor_minecraft/libraries/net/kyori/adventure-text-serializer-gson/4.20.0/adventure-text-serializer-gson-4.20.0.jar
[04:21:58] [Server thread/INFO]: [SpigotLibraryLoader] [ItemEdit] Loaded library /workspaces/solarking/servidor_minecraft/libraries/net/kyori/adventure-text-serializer-json/4.20.0/adventure-text-serializer-json-4.20.0.jar
[04:21:58] [Server thread/INFO]: [SpigotLibraryLoader] [ItemEdit] Loaded library /workspaces/solarking/servidor_minecraft/libraries/net/kyori/option/1.1.0/option-1.1.0.jar
[04:21:58] [Server thread/INFO]: [SpigotLibraryLoader] [ItemEdit] Loaded library /workspaces/solarking/servidor_minecraft/libraries/org/jspecify/jspecify/1.0.0/jspecify-1.0.0.jar
[04:21:58] [Server thread/INFO]: [SpigotLibraryLoader] [ItemEdit] Loaded library /workspaces/solarking/servidor_minecraft/libraries/com/google/code/gson/gson/2.8.0/gson-2.8.0.jar
[04:21:58] [Server thread/INFO]: [SpigotLibraryLoader] [ItemEdit] Loaded library /workspaces/solarking/servidor_minecraft/libraries/com/google/auto/service/auto-service-annotations/1.1.1/auto-service-annotations-1.1.1.jar
[04:21:58] [Server thread/INFO]: [SpigotLibraryLoader] [ItemEdit] Loaded library /workspaces/solarking/servidor_minecraft/libraries/net/kyori/adventure-text-serializer-commons/4.20.0/adventure-text-serializer-commons-4.20.0.jar
[04:21:58] [Server thread/INFO]: [SpigotLibraryLoader] [ItemEdit] Loaded library /workspaces/solarking/servidor_minecraft/libraries/net/kyori/adventure-text-serializer-legacy/4.20.0/adventure-text-serializer-legacy-4.20.0.jar
[04:21:59] [Server thread/INFO]: [SpigotLibraryLoader] [zMenu] Loading 1 libraries... please wait
[04:21:59] [Server thread/INFO]: [SpigotLibraryLoader] [zMenu] Loaded library /workspaces/solarking/servidor_minecraft/libraries/org/mariadb/jdbc/mariadb-java-client/3.5.6/mariadb-java-client-3.5.6.jar
[04:21:59] [Server thread/INFO]: [EcoItems] Initializing EcoItems
[04:21:59] [Server thread/INFO]: [EcoJobs] Initializing EcoJobs
[04:21:59] [Server thread/INFO]: [SpigotLibraryLoader] [zAuctionHouseV3] Loading 1 libraries... please wait
[04:21:59] [Server thread/INFO]: [SpigotLibraryLoader] [zAuctionHouseV3] Loaded library /workspaces/solarking/servidor_minecraft/libraries/org/mariadb/jdbc/mariadb-java-client/3.5.6/mariadb-java-client-3.5.6.jar
[04:22:00] [Server thread/WARN]: [org.bukkit.craftbukkit.legacy.CraftLegacy] Initializing Legacy Material Support. Unless you have legacy plugins and/or data this is a bug!
[04:22:04] [Thread-0/INFO]: Stopping server
[04:22:04] [Thread-0/INFO]: Saving players
[04:22:04] [Thread-0/WARN]: Asynchronous Save Players! Blocking thread until it returns 
java.lang.IllegalStateException: null
	at io.papermc.paper.util.MCUtil.ensureMain(MCUtil.java:129) ~[paper-1.21.10.jar:1.21.10-117-df4b668]
	at net.minecraft.server.players.PlayerList.saveAll(PlayerList.java:947) ~[paper-1.21.10.jar:1.21.10-117-df4b668]
	at net.minecraft.server.players.PlayerList.saveAll(PlayerList.java:943) ~[paper-1.21.10.jar:1.21.10-117-df4b668]
	at net.minecraft.server.MinecraftServer.stopServer(MinecraftServer.java:1028) ~[paper-1.21.10.jar:1.21.10-117-df4b668]
	at net.minecraft.server.dedicated.DedicatedServer.stopServer(DedicatedServer.java:917) ~[paper-1.21.10.jar:1.21.10-117-df4b668]
	at net.minecraft.server.MinecraftServer.close(MinecraftServer.java:985) ~[paper-1.21.10.jar:1.21.10-117-df4b668]
	at org.bukkit.craftbukkit.util.ServerShutdownThread.run(ServerShutdownThread.java:26) ~[paper-1.21.10.jar:1.21.10-117-df4b668]
